0.4
0.4
0.75
0.42857142857142
0.42857142857142
0.625
