0.4
0.4
0.75
0.42857142857142
0.33333333333333
0.71428571428571
