0.33333333333333
0.33333333333333
0.83333333333333
0.42857142857142
0.33333333333333
0.71428571428571
