0.55555555555555
0.44444444444444
0.33333333333333
0.55555555555555
0.44444444444444
0.33333333333333
0.44444444444444
0.55555555555555
0.44444444444444
0.88888888888888
