0.54545454545454
0.45454545454545
0.36363636363636
0.54545454545454
0.45454545454545
0.36363636363636
0.45454545454545
0.54545454545455
0.45454545454545
0.81818181818181
